Microchip MPLAB XC8 Compiler V2.41

Linker command line:

-W-3 \
  --edf=C:/Program Files/Microchip/MPLABX/v6.15/packs/Microchip/PIC16Fxxx_DFP/1.4.149/xc8\pic\dat\20230322214319_en.msgs \
  -cn -h+dist/production/debug\PICGame.X.debug.sym \
  --cmf=dist/production/debug\PICGame.X.debug.cmf -z -Q16F627 \
  -oC:\Users\feher\AppData\Local\Temp\xcAs70o.\driver_tmp_3.o \
  --defsym=__MPLAB_BUILD=1 --fixupoverflow=error \
  -Mdist/production/debug/PICGame.X.debug.map \
  --md=C:\Users\feher\AppData\Local\Temp\xcAs70o.\driver_tmp_0.dat -E1 \
  -ver=XC8 Compiler --acfsm=1493 -ACODE=00h-03FFh -ASTRCODE=00h-03FFh \
  -ASTRING=00h-0FFhx4 -ACONST=00h-0FFhx4 -AENTRY=00h-0FFhx4 \
  -ACOMMON=070h-07Fh -ABANK0=020h-06Fh -ABANK1=0A0h-0EFh \
  -ABANK2=0120h-014Fh -ARAM=020h-06Fh,0A0h-0EFh,0120h-014Fh \
  -AABS1=020h-07Fh,0A0h-0EFh,0120h-014Fh -ASFR0=00h-01Fh -ASFR1=080h-09Fh \
  -ASFR2=0100h-011Fh -ASFR3=0180h-01EFh -ACONFIG=02007h-02007h -DCONFIG=2 \
  -AIDLOC=02000h-02003h -DIDLOC=2 -AEEDATA=00h-07Fh/02100h \
  -peeprom_data=EEDATA -DEEDATA=2 -DCODE=2 -DSTRCODE=2 -DSTRING=2 -DCONST=2 \
  -DENTRY=2 -preset_vec=00h,intentry=04h,init,end_init -ppowerup=CODE \
  -pcinit=CODE -pfunctab=ENTRY -k \
  C:\Users\feher\AppData\Local\Temp\xcAs70o.\driver_tmp_13.o \
  dist/production/debug\PICGame.X.debug.o 

Object code version is 3.11

Machine type is 16F627



                Name                               Link     Load   Length Selector   Space Scale
C:\Users\feher\AppData\Local\Temp\xcAs70o.\driver_tmp_13.o
                end_init                              E        E        1        8       0
                reset_vec                             0        0        2        0       0
                config                             2007     2007        1        0       4
                idloc                              2000     2000        4        0       5
dist/production/debug\PICGame.X.debug.o
                cinit                                 F        F        E        8       0
                intentry                              4        4        A        8       0
                config                             2007     2007        1        0       4
                idloc                              2000     2000        4        0       5
                text17                              34C      34C       18      5F0       0
                text16                              3C8      3C8        D      5F0       0
                text15                              1C7      1C7       63        8       0
                text14                              2F8      2F8       20      5F0       0
                text13                              27A      27A       2F        8       0
                text12                              3AC      3AC        F      5F0       0
                text11                              22A      22A       50        8       0
                text10                              3EC      3EC        5      5F0       0
                text9                               364      364       15      5F0       0
                text8                               3E6      3E6        6      5F0       0
                text7                               2A9      2A9       2A        8       0
                text6                               3D5      3D5        9      5F0       0
                text5                               318      318       1B      5F0       0
                text4                               3BB      3BB        D      5F0       0
                text3                               38D      38D       10      5F0       0
                text2                               379      379       14      5F0       0
                text1                               333      333       19      5F0       0
                maintext                             1D       1D      1AA        8       0
                cstackBANK0                          4D       4D       12       20       1
                cstackCOMMON                         70       70        B       70       1
                clrtext                             3DE      3DE        8      5F0       0
                inittext                            39D      39D        F      5F0       0
                bssBANK1                             A0       A0       22       A0       1
                bssBANK0                             20       20       2D       20       1
                bssCOMMON                            7B       7B        3       70       1
                strings                             2D3      2D3       25      5A6       0
                idataEEDATA                           0     2100       45     4200       3

TOTAL           Name                               Link     Load   Length     Space
        CLASS   CODE           
                end_init                              E        E        1         0
                cinit                                 F        F        E         0
                intentry                              4        4        A         0
                reset_vec                             0        0        2         0
                text17                              34C      34C       18         0
                text16                              3C8      3C8        D         0
                text15                              1C7      1C7       63         0
                text14                              2F8      2F8       20         0
                text13                              27A      27A       2F         0
                text12                              3AC      3AC        F         0
                text11                              22A      22A       50         0
                text10                              3EC      3EC        5         0
                text9                               364      364       15         0
                text8                               3E6      3E6        6         0
                text7                               2A9      2A9       2A         0
                text6                               3D5      3D5        9         0
                text5                               318      318       1B         0
                text4                               3BB      3BB        D         0
                text3                               38D      38D       10         0
                text2                               379      379       14         0
                text1                               333      333       19         0
                maintext                             1D       1D      1AA         0
                clrtext                             3DE      3DE        8         0
                inittext                            39D      39D        F         0

        CLASS   STRCODE        

        CLASS   STRING         
                strings                             2D3      2D3       25         0

        CLASS   CONST          

        CLASS   ENTRY          

        CLASS   COMMON         
                cstackCOMMON                         70       70        B         1
                bssCOMMON                            7B       7B        3         1

        CLASS   BANK0          
                cstackBANK0                          4D       4D       12         1
                bssBANK0                             20       20       2D         1

        CLASS   BANK1          
                bssBANK1                             A0       A0       22         1

        CLASS   BANK2          

        CLASS   RAM            

        CLASS   ABS1           
                abs_s1                               7E       7E        2         1

        CLASS   SFR0           

        CLASS   SFR1           

        CLASS   SFR2           

        CLASS   SFR3           

        CLASS   CONFIG         
                config                             2007     2007        1         4

        CLASS   IDLOC          
                idloc                              2000     2000        4         5

        CLASS   EEDATA         
                idataEEDATA                           0     2100       45         3

        CLASS   BANK3          

        CLASS   STACK          



SEGMENTS        Name                           Load    Length   Top    Selector   Space  Class     Delta

                reset_vec                      000000  000002  000002         0       0  CODE        2
                intentry                       000004  0002CF  0002D3         8       0  CODE        2
                bssBANK0                       000020  00003F  00005F        20       1  BANK0       1
                cstackCOMMON                   000070  00000E  00007E        70       1  COMMON      1
                bssBANK1                       0000A0  000022  0000C2        A0       1  BANK1       1
                strings                        0002D3  000025  0002F8       5A6       0  STRING      2
                text14                         0002F8  0000F9  0003F1       5F0       0  CODE        2
                idataEEDATA                    002100  000045  002145      4200       3  EEDATA      2


UNUSED ADDRESS RANGES

        Name                Unused          Largest block    Delta
        BANK0            005F-006F             11           1
        BANK1            00C2-00EF             2E           1
        BANK2            0120-014F             30           1
        CODE             0002-0003              2           2
                         03F1-03FF              F
        CONST            0002-0003              2           2
                         03F1-03FF              F
        EEDATA           2145-217F             3B           2
        ENTRY            0002-0003              2           2
                         03F1-03FF              F
        RAM              005F-006F             11           1
                         00C2-00EF             2E
                         0120-014F             30
        SFR0             0000-001F             20           1
        SFR1             0080-009F             20           1
        SFR2             0100-011F             20           1
        SFR3             0180-01EF             70           1
        STRCODE          0002-0003              2           2
                         03F1-03FF              F
        STRING           0002-0003              2           2
                         03F1-03FF              F

                                  Symbol Table

LCD_gotoxy@x                cstackBANK0  0052
LCD_gotoxy@y                cstackBANK0  0050
LCD_init@i                  cstackBANK0  0052
LCD_putc@chr                cstackBANK0  0050
LCD_puts@str                cstackBANK0  0051
LCD_set_cgram_addr@addr     cstackBANK0  0050
LCD_waitbf@busy             cstackBANK0  004D
LCD_wr_custom_char@cnt      cstackBANK0  0056
LCD_wr_custom_char@code     cstackBANK0  0055
LCD_wr_custom_char@dataarr  cstackBANK0  0053
LCD_wrdata@data             cstackBANK0  004F
_CCP1CON                    (abs)        0017
_CCPR1L                     (abs)        0015
_CMCON                      (abs)        001F
_EEADR                      (abs)        009B
_EECON1                     (abs)        009C
_EECON1bits                 (abs)        009C
_EEDATA                     (abs)        009A
_INTCON                     (abs)        000B
_LCD                        bssBANK0     0030
_LCD_gotoxy                 text12       03AC
_LCD_init                   text11       022A
_LCD_putc                   text10       03EC
_LCD_puts                   text9        0364
_LCD_set_cgram_addr         text8        03E6
_LCD_waitbf                 text14       02F8
_LCD_wr_custom_char         text5        0318
_LCD_wrdata                 text13       027A
_OPTION_REG                 (abs)        0081
_PCONbits                   (abs)        008E
_PORTA                      (abs)        0005
_PORTAbits                  (abs)        0005
_PORTB                      (abs)        0006
_PORTBbits                  (abs)        0006
_PR2                        (abs)        0092
_T0IF                       (abs)        005A
_T2CON                      (abs)        0012
_TMR0                       (abs)        0001
_TMR2                       (abs)        0011
_TRISA                      (abs)        0085
_TRISB                      (abs)        0086
__H__absolute__             __absolute__ 0000
__Habs1                     abs1         0000
__Hbank0                    bank0        0000
__Hbank1                    bank1        0000
__Hbank2                    bank2        0000
__Hbank3                    bank3        0000
__HbssBANK0                 bssBANK0     0000
__HbssBANK1                 bssBANK1     0000
__HbssCOMMON                bssCOMMON    0000
__Hcinit                    cinit        001D
__Hclrtext                  clrtext      0000
__Hcode                     code         0000
__Hcommon                   common       0000
__Hconfig                   config       2008
__HcstackBANK0              cstackBANK0  0000
__HcstackCOMMON             cstackCOMMON 0000
__HdataEEDATA               dataEEDATA   0000
__Heeprom_data              eeprom_data  0000
__Hend_init                 end_init     000F
__Hfunctab                  functab      0000
__HidataEEDATA              idataEEDATA  0000
__Hidloc                    idloc        2004
__Hinit                     init         000E
__Hinittext                 inittext     0000
__Hintentry                 intentry     000E
__Hmaintext                 maintext     0000
__Hpowerup                  powerup      0000
__Hram                      ram          0000
__Hreset_vec                reset_vec    0002
__Hsfr0                     sfr0         0000
__Hsfr1                     sfr1         0000
__Hsfr2                     sfr2         0000
__Hsfr3                     sfr3         0000
__Hspace_0                  (abs)        03F1
__Hspace_1                  (abs)        00C2
__Hspace_2                  (abs)        0000
__Hspace_3                  (abs)        0045
__Hspace_4                  (abs)        400F
__Hstack                    stack        0000
__Hstrings                  strings      0000
__Htext                     text         0000
__L__absolute__             __absolute__ 0000
__Labs1                     abs1         0000
__Lbank0                    bank0        0000
__Lbank1                    bank1        0000
__Lbank2                    bank2        0000
__Lbank3                    bank3        0000
__LbssBANK0                 bssBANK0     0000
__LbssBANK1                 bssBANK1     0000
__LbssCOMMON                bssCOMMON    0000
__Lcinit                    cinit        000F
__Lclrtext                  clrtext      0000
__Lcode                     code         0000
__Lcommon                   common       0000
__Lconfig                   config       0000
__LcstackBANK0              cstackBANK0  0000
__LcstackCOMMON             cstackCOMMON 0000
__LdataEEDATA               dataEEDATA   0000
__Leeprom_data              eeprom_data  0000
__Lend_init                 end_init     000E
__Lfunctab                  functab      0000
__LidataEEDATA              idataEEDATA  0000
__Lidloc                    idloc        0000
__Linit                     init         000E
__Linittext                 inittext     0000
__Lintentry                 intentry     0004
__Lmaintext                 maintext     0000
__Lpowerup                  powerup      0000
__Lram                      ram          0000
__Lreset_vec                reset_vec    0000
__Lsfr0                     sfr0         0000
__Lsfr1                     sfr1         0000
__Lsfr2                     sfr2         0000
__Lsfr3                     sfr3         0000
__Lspace_0                  (abs)        0000
__Lspace_1                  (abs)        0000
__Lspace_2                  (abs)        0000
__Lspace_3                  (abs)        0000
__Lspace_4                  (abs)        0000
__Lstack                    stack        0000
__Lstrings                  strings      0000
__Ltext                     text         0000
__S0                        (abs)        03F1
__S1                        (abs)        00C2
__S3                        (abs)        2145
___eecpymem                 text7        02A9
___eecpymem@cp              cstackBANK0  004F
___eecpymem@from            cstackBANK0  004D
___eecpymem@size            cstackBANK0  004E
___eecpymem@to              cstackBANK0  0050
___eetoc                    text6        03D5
___eetoc@addr               cstackBANK0  0051
___eetoc@data               cstackBANK0  0052
___int_sp                   stack        0000
___latbits                  (abs)        0000
___sp                       stack        0000
___stackhi                  (abs)        0000
___stacklo                  (abs)        0000
__beep                      text4        03BB
__beep@CCPR1L_val           cstackBANK0  004D
__beep@PR2_val              cstackBANK0  004E
__end_of_LCD_gotoxy         text12       03BB
__end_of_LCD_init           text11       027A
__end_of_LCD_putc           text10       03F1
__end_of_LCD_puts           text9        0379
__end_of_LCD_set_cgram_addr text8        03EC
__end_of_LCD_waitbf         text14       0318
__end_of_LCD_wr_custom_char text5        0333
__end_of_LCD_wrdata         text13       02A9
__end_of___eecpymem         text7        02D3
__end_of___eetoc            text6        03DE
__end_of__beep              text4        03C8
__end_of__initialization    cinit        001B
__end_of__stringtab         strings      02E3
__end_of_clearstr           text3        039D
__end_of_init               text2        038D
__end_of_isr                text15       022A
__end_of_kbd_eval           text17       0364
__end_of_main               maintext     01C7
__end_of_rand_tile          text1        034C
__end_ofi1__beep            text16       03D5
__initialization            cinit        000F
__pbssBANK0                 bssBANK0     0020
__pbssBANK1                 bssBANK1     00A0
__pbssCOMMON                bssCOMMON    007B
__pcstackBANK0              cstackBANK0  004D
__pcstackCOMMON             cstackCOMMON 0070
__pdataEEDATA               dataEEDATA   0000
__pidataEEDATA              idataEEDATA  0000
__pintentry                 intentry     0004
__pmaintext                 maintext     001D
__pstrings                  strings      02D3
__ptext1                    text1        0333
__ptext10                   text10       03EC
__ptext11                   text11       022A
__ptext12                   text12       03AC
__ptext13                   text13       027A
__ptext14                   text14       02F8
__ptext15                   text15       01C7
__ptext16                   text16       03C8
__ptext17                   text17       034C
__ptext2                    text2        0379
__ptext3                    text3        038D
__ptext4                    text4        03BB
__ptext5                    text5        0318
__ptext6                    text6        03D5
__ptext7                    text7        02A9
__ptext8                    text8        03E6
__ptext9                    text9        0364
__stringbase                strings      02E2
__stringtab                 strings      02D3
_beep_delay                 bssCOMMON    007D
_clearstr                   text3        038D
_eeprom_cgram_data          idataEEDATA  0000
_eeprom_keys                idataEEDATA  0030
_flash_lcd                  bssBANK0     0035
_gameA_line_buf             bssBANK0     003C
_gameB_cnt_ena              bssBANK0     0034
_gameB_difficulty           bssBANK0     0036
_gameB_obstacle_delay       bssBANK0     0037
_gameB_spd                  bssBANK0     003A
_gameB_spd_cnt              bssBANK0     0039
_gameB_track                bssBANK1     00A0
_gameB_truckpos             bssBANK0     0038
_init                       text2        0379
_isr                        text15       01C7
_kbd_eval                   text17       034C
_key                        bssBANK0     003B
_keys                       bssBANK0     0020
_main                       maintext     001D
_rand_tile                  text1        0333
_tile_set                   idataEEDATA  0041
btemp                       (abs)        007E
clear_ram0                  clrtext      03DE
clearstr@str                cstackBANK0  004D
end_of_initialization       cinit        001B
i1__beep                    text16       03C8
i1__beep@CCPR1L_val         cstackCOMMON 0070
i1__beep@PR2_val            cstackCOMMON 0071
init_fetch0                 inittext     039D
init_ram0                   inittext     03A1
interrupt_function          intentry     0004
intlevel0                   functab      0000
intlevel1                   functab      0000
intlevel2                   functab      0000
intlevel3                   functab      0000
intlevel4                   functab      0000
intlevel5                   functab      0000
isr@_col                    cstackCOMMON 0078
isr@_key                    cstackCOMMON 007A
isr@_row                    cstackCOMMON 0079
isr@kbd_skip_t0_cyc         bssCOMMON    007B
isr@key_col_select          bssCOMMON    007C
isr@prev_key                bssBANK0     0033
kbd_eval@col                cstackCOMMON 0070
kbd_eval@key_ptr            cstackCOMMON 0071
kbd_eval@row                cstackCOMMON 0072
main@_key                   cstackBANK0  005A
main@hits                   cstackBANK0  005C
main@i                      cstackBANK0  005E
main@xpos                   cstackBANK0  005B
main@ypos                   cstackBANK0  005D
rand_tile@psrand_seed       bssBANK0     0032
rand_tile@res               cstackBANK0  0053
reset_vec                   reset_vec    0000
saved_w                     (abs)        007E
start                       init         000E
start_initialization        cinit        000F
wtemp0                      (abs)        007E


MODULE INFORMATION

Module		Function		Class		Link	Load	Size
keypad.c
		_kbd_eval      		CODE           	034C	0000	24

keypad.c estimated size: 24

lcd_hd44780.c
		_LCD_wr_custom_char		CODE           	0318	0000	27
		_LCD_gotoxy    		CODE           	03AC	0000	15
		_LCD_set_cgram_addr		CODE           	03E6	0000	6
		_LCD_waitbf    		CODE           	02F8	0000	32
		_LCD_init      		CODE           	022A	0000	80
		_LCD_putc      		CODE           	03EC	0000	5
		_LCD_puts      		CODE           	0364	0000	21
		_LCD_wrdata    		CODE           	027A	0000	47

lcd_hd44780.c estimated size: 233

C:\Program Files\Microchip\xc8\v2.41\pic\sources\c90\pic\__eeprom.c
		___eetoc       		CODE           	03D5	0000	9
		___eecpymem    		CODE           	02A9	0000	42

C:\Program Files\Microchip\xc8\v2.41\pic\sources\c90\pic\__eeprom.c estimated size: 51

shared
		__stringtab    		STRING         	02D3	0000	16
		i1__beep       		CODE           	03C8	0000	13
		__initialization		CODE           	000F	0000	12

shared estimated size: 41

main.c
		_init          		CODE           	0379	0000	20
		_clearstr      		CODE           	038D	0000	16
		_rand_tile     		CODE           	0333	0000	25
		_main          		CODE           	001D	0000	426
		__beep         		CODE           	03BB	0000	13
		_isr           		CODE           	01C7	0000	99

main.c estimated size: 599

